// Jest Snapshot v1, https://goo.gl/fbAQLP

exports[`--showConfig outputs config info and exits 1`] = `
{
  "configs": [
    {
      "automock": false,
      "browser": false,
      "cache": false,
      "cacheDirectory": "/tmp/jest",
      "clearMocks": false,
      "coveragePathIgnorePatterns": [
        "/node_modules/"
      ],
      "cwd": "<<REPLACED_ROOT_DIR>>",
      "dependencyExtractor": null,
      "detectLeaks": false,
      "detectOpenHandles": false,
      "errorOnDeprecated": false,
      "filter": null,
      "forceCoverageMatch": [],
      "globalSetup": null,
      "globalTeardown": null,
      "globals": {},
      "haste": {
        "computeSha1": false,
        "providesModuleNodeModules": [],
        "throwOnModuleCollision": false
      },
      "moduleDirectories": [
        "node_modules"
      ],
      "moduleFileExtensions": [
        "js",
        "json",
        "jsx",
        "ts",
        "tsx",
        "node"
      ],
      "moduleNameMapper": {},
      "modulePathIgnorePatterns": [],
      "name": "[md5 hash]",
      "prettierPath": "prettier",
      "resetMocks": false,
      "resetModules": false,
      "resolver": null,
      "restoreMocks": false,
      "rootDir": "<<REPLACED_ROOT_DIR>>",
      "roots": [
        "<<REPLACED_ROOT_DIR>>"
      ],
      "runner": "jest-runner",
      "setupFiles": [],
      "setupFilesAfterEnv": [],
      "skipFilter": false,
      "snapshotSerializers": [],
      "testEnvironment": "<<REPLACED_JEST_PACKAGES_DIR>>/jest-environment-jsdom/build/index.js",
      "testEnvironmentOptions": {},
      "testLocationInResults": false,
      "testMatch": [
        "**/__tests__/**/*.[jt]s?(x)",
        "**/?(*.)+(spec|test).[tj]s?(x)"
      ],
      "testPathIgnorePatterns": [
        "/node_modules/"
      ],
      "testRegex": [],
      "testRunner": "<<REPLACED_JEST_PACKAGES_DIR>>/jest-jasmine2/build/index.js",
      "testURL": "http://localhost",
      "timers": "real",
      "transform": [
        [
          "^.+\\\\.[jt]sx?$",
          "<<REPLACED_JEST_PACKAGES_DIR>>/babel-jest/build/index.js"
        ]
      ],
      "transformIgnorePatterns": [
        "/node_modules/"
      ],
      "watchPathIgnorePatterns": []
    }
  ],
  "globalConfig": {
    "bail": 0,
    "changedFilesWithAncestor": false,
    "collectCoverage": false,
    "collectCoverageFrom": null,
    "coverageDirectory": "<<REPLACED_ROOT_DIR>>/coverage",
    "coverageReporters": [
      "json",
      "text",
      "lcov",
      "clover"
    ],
    "coverageThreshold": null,
    "detectLeaks": false,
    "detectOpenHandles": false,
    "errorOnDeprecated": false,
    "expand": false,
    "filter": null,
    "globalSetup": null,
    "globalTeardown": null,
    "json": false,
    "listTests": false,
    "maxConcurrency": 5,
    "maxWorkers": "[maxWorkers]",
    "noStackTrace": false,
    "nonFlagArgs": [],
    "notify": false,
    "notifyMode": "failure-change",
    "passWithNoTests": false,
    "projects": null,
    "rootDir": "<<REPLACED_ROOT_DIR>>",
    "runTestsByPath": false,
    "skipFilter": false,
    "testFailureExitCode": 1,
    "testPathPattern": "",
    "testResultsProcessor": null,
    "updateSnapshot": "all",
    "useStderr": false,
    "verbose": null,
    "watch": false,
    "watchman": true
  },
  "version": "[version]"
}
`;
