// Jest Snapshot v1, https://goo.gl/fbAQLP

exports[`store snapshot even if fs is mocked 1`] = `
Test Suites: 1 passed, 1 total
Tests:       1 passed, 1 total
Snapshots:   1 written, 1 total
Time:        <<REPLACED>>
Ran all test suites.
`;
