// Jest Snapshot v1, https://goo.gl/fbAQLP

exports[`Explore Projects Page Renders correctly 1`] = `null`;
