// Jest Snapshot v1, https://goo.gl/fbAQLP

exports[`jest-each .describe throws an error when called with an empty string 1`] = `
"Error: \`.each\` called with an empty Tagged Template Literal of table data.
"
`;

exports[`jest-each .describe throws error when there are fewer arguments than headings over multiple rows 1`] = `
"Not enough arguments supplied for given headings:
<green>a | b | expected</>

Received:
<red>Array [</>
<red>  0,</>
<red>  1,</>
<red>  1,</>
<red>  1,</>
<red>  1,</>
<red>]</>

Missing <red>2</> arguments"
`;

exports[`jest-each .describe throws error when there are fewer arguments than headings when given one row 1`] = `
"Not enough arguments supplied for given headings:
<green>a | b | expected</>

Received:
<red>Array [</>
<red>  0,</>
<red>  1,</>
<red>]</>

Missing <red>2</> arguments"
`;

exports[`jest-each .describe throws error when there are no arguments for given headings 1`] = `
"Error: \`.each\` called with a Tagged Template Literal with no data, remember to interpolate with \${expression} syntax.
"
`;

exports[`jest-each .describe.only throws an error when called with an empty string 1`] = `
"Error: \`.each\` called with an empty Tagged Template Literal of table data.
"
`;

exports[`jest-each .describe.only throws error when there are fewer arguments than headings over multiple rows 1`] = `
"Not enough arguments supplied for given headings:
<green>a | b | expected</>

Received:
<red>Array [</>
<red>  0,</>
<red>  1,</>
<red>  1,</>
<red>  1,</>
<red>  1,</>
<red>]</>

Missing <red>2</> arguments"
`;

exports[`jest-each .describe.only throws error when there are fewer arguments than headings when given one row 1`] = `
"Not enough arguments supplied for given headings:
<green>a | b | expected</>

Received:
<red>Array [</>
<red>  0,</>
<red>  1,</>
<red>]</>

Missing <red>2</> arguments"
`;

exports[`jest-each .describe.only throws error when there are no arguments for given headings 1`] = `
"Error: \`.each\` called with a Tagged Template Literal with no data, remember to interpolate with \${expression} syntax.
"
`;

exports[`jest-each .fdescribe throws an error when called with an empty string 1`] = `
"Error: \`.each\` called with an empty Tagged Template Literal of table data.
"
`;

exports[`jest-each .fdescribe throws error when there are fewer arguments than headings over multiple rows 1`] = `
"Not enough arguments supplied for given headings:
<green>a | b | expected</>

Received:
<red>Array [</>
<red>  0,</>
<red>  1,</>
<red>  1,</>
<red>  1,</>
<red>  1,</>
<red>]</>

Missing <red>2</> arguments"
`;

exports[`jest-each .fdescribe throws error when there are fewer arguments than headings when given one row 1`] = `
"Not enough arguments supplied for given headings:
<green>a | b | expected</>

Received:
<red>Array [</>
<red>  0,</>
<red>  1,</>
<red>]</>

Missing <red>2</> arguments"
`;

exports[`jest-each .fdescribe throws error when there are no arguments for given headings 1`] = `
"Error: \`.each\` called with a Tagged Template Literal with no data, remember to interpolate with \${expression} syntax.
"
`;

exports[`jest-each .fit throws an error when called with an empty string 1`] = `
"Error: \`.each\` called with an empty Tagged Template Literal of table data.
"
`;

exports[`jest-each .fit throws error when there are fewer arguments than headings over multiple rows 1`] = `
"Not enough arguments supplied for given headings:
<green>a | b | expected</>

Received:
<red>Array [</>
<red>  0,</>
<red>  1,</>
<red>  1,</>
<red>  1,</>
<red>  1,</>
<red>]</>

Missing <red>2</> arguments"
`;

exports[`jest-each .fit throws error when there are fewer arguments than headings when given one row 1`] = `
"Not enough arguments supplied for given headings:
<green>a | b | expected</>

Received:
<red>Array [</>
<red>  0,</>
<red>  1,</>
<red>]</>

Missing <red>2</> arguments"
`;

exports[`jest-each .fit throws error when there are no arguments for given headings 1`] = `
"Error: \`.each\` called with a Tagged Template Literal with no data, remember to interpolate with \${expression} syntax.
"
`;

exports[`jest-each .it throws an error when called with an empty string 1`] = `
"Error: \`.each\` called with an empty Tagged Template Literal of table data.
"
`;

exports[`jest-each .it throws error when there are fewer arguments than headings over multiple rows 1`] = `
"Not enough arguments supplied for given headings:
<green>a | b | expected</>

Received:
<red>Array [</>
<red>  0,</>
<red>  1,</>
<red>  1,</>
<red>  1,</>
<red>  1,</>
<red>]</>

Missing <red>2</> arguments"
`;

exports[`jest-each .it throws error when there are fewer arguments than headings when given one row 1`] = `
"Not enough arguments supplied for given headings:
<green>a | b | expected</>

Received:
<red>Array [</>
<red>  0,</>
<red>  1,</>
<red>]</>

Missing <red>2</> arguments"
`;

exports[`jest-each .it throws error when there are no arguments for given headings 1`] = `
"Error: \`.each\` called with a Tagged Template Literal with no data, remember to interpolate with \${expression} syntax.
"
`;

exports[`jest-each .it.only throws an error when called with an empty string 1`] = `
"Error: \`.each\` called with an empty Tagged Template Literal of table data.
"
`;

exports[`jest-each .it.only throws error when there are fewer arguments than headings over multiple rows 1`] = `
"Not enough arguments supplied for given headings:
<green>a | b | expected</>

Received:
<red>Array [</>
<red>  0,</>
<red>  1,</>
<red>  1,</>
<red>  1,</>
<red>  1,</>
<red>]</>

Missing <red>2</> arguments"
`;

exports[`jest-each .it.only throws error when there are fewer arguments than headings when given one row 1`] = `
"Not enough arguments supplied for given headings:
<green>a | b | expected</>

Received:
<red>Array [</>
<red>  0,</>
<red>  1,</>
<red>]</>

Missing <red>2</> arguments"
`;

exports[`jest-each .it.only throws error when there are no arguments for given headings 1`] = `
"Error: \`.each\` called with a Tagged Template Literal with no data, remember to interpolate with \${expression} syntax.
"
`;

exports[`jest-each .test throws an error when called with an empty string 1`] = `
"Error: \`.each\` called with an empty Tagged Template Literal of table data.
"
`;

exports[`jest-each .test throws error when there are fewer arguments than headings over multiple rows 1`] = `
"Not enough arguments supplied for given headings:
<green>a | b | expected</>

Received:
<red>Array [</>
<red>  0,</>
<red>  1,</>
<red>  1,</>
<red>  1,</>
<red>  1,</>
<red>]</>

Missing <red>2</> arguments"
`;

exports[`jest-each .test throws error when there are fewer arguments than headings when given one row 1`] = `
"Not enough arguments supplied for given headings:
<green>a | b | expected</>

Received:
<red>Array [</>
<red>  0,</>
<red>  1,</>
<red>]</>

Missing <red>2</> arguments"
`;

exports[`jest-each .test throws error when there are no arguments for given headings 1`] = `
"Error: \`.each\` called with a Tagged Template Literal with no data, remember to interpolate with \${expression} syntax.
"
`;

exports[`jest-each .test.only throws an error when called with an empty string 1`] = `
"Error: \`.each\` called with an empty Tagged Template Literal of table data.
"
`;

exports[`jest-each .test.only throws error when there are fewer arguments than headings over multiple rows 1`] = `
"Not enough arguments supplied for given headings:
<green>a | b | expected</>

Received:
<red>Array [</>
<red>  0,</>
<red>  1,</>
<red>  1,</>
<red>  1,</>
<red>  1,</>
<red>]</>

Missing <red>2</> arguments"
`;

exports[`jest-each .test.only throws error when there are fewer arguments than headings when given one row 1`] = `
"Not enough arguments supplied for given headings:
<green>a | b | expected</>

Received:
<red>Array [</>
<red>  0,</>
<red>  1,</>
<red>]</>

Missing <red>2</> arguments"
`;

exports[`jest-each .test.only throws error when there are no arguments for given headings 1`] = `
"Error: \`.each\` called with a Tagged Template Literal with no data, remember to interpolate with \${expression} syntax.
"
`;
